{"event":"schemaVersion","version":1}
{"event":"snapshot","ts":"2026-04-29T03:45:12Z","cluster":"my-cluster","verdict":"healthy","reconcileAgeSec":12,"identity":{"clusterId":"cc9f8a98-5853-4e3b-929c-9154d0ac0ecc","target":"yotta-prod-us-east-1","stackVersion":"v1.2.0","stackDigest":"sha256:0180e2","installedAt":"2026-04-25T14:02:18Z"},"components":[{"name":"sis","ready":2,"total":2,"uptimeSec":1209600,"healthy":true},{"name":"nats","ready":3,"total":3,"uptimeSec":1209600,"healthy":true}],"computeClusters":[{"name":"ncp-local","gpu":"H100","gpuCount":16,"activeDeployments":14,"lastSeenAgeSec":12,"healthy":true}],"events":[{"ageSec":161,"kind":"function-deploy","status":"ACTIVE","name":"echo-test","version":"v1"}]}
{"event":"final","ts":"2026-04-29T03:45:12Z","success":true,"durationSec":0,"droppedProgressEvents":0}
