Pre-flight checks for NVCF self-hosted install

Local host

   [✓] kubectl 1.30.2 on PATH (≥1.28)
   [✓] helmfile 1.1.9 on PATH (≥1.0)
   [✓] helm 3.15.4 on PATH (≥3.14)

Kubernetes API

   [✓] can initialize the client
   [▶] querying API version…

Cluster setup

   [▶] create-non-namespaced

Status: in progress  (4/14 passed, 0 failed)
